bs002_CR_RU_0.npy
bs002_YR_L45_0.npy
bs002_YR_L90_0.npy
bs002_YR_R30_0.npy
bs002_YR_R45_0.npy
bs003_CR_RD_0.npy
bs003_CR_RU_0.npy
bs003_O_HAIR_1.npy
bs003_PR_D_0.npy
bs003_PR_U_0.npy
bs003_YR_L45_0.npy
bs003_YR_L90_0.npy
bs003_YR_R45_0.npy
bs003_YR_R90_0.npy
bs004_CR_RD_0.npy
bs004_E_FEAR_0.npy
bs004_PR_D_0.npy
bs005_CR_RD_0.npy
bs005_YR_L90_0.npy
bs005_YR_R90_0.npy
bs006_CR_RD_0.npy
bs006_CR_RU_0.npy
bs006_PR_U_0.npy
bs006_UFAU_44_0.npy
bs006_YR_L45_0.npy
bs006_YR_L90_0.npy
bs006_YR_R45_0.npy
bs006_YR_R90_0.npy
bs007_CR_RU_0.npy
bs007_PR_U_0.npy
bs007_YR_L45_0.npy
bs007_YR_L90_0.npy
bs007_YR_R45_0.npy
bs007_YR_R90_0.npy
bs008_IGN_INV_1.npy
bs008_YR_L45_0.npy
bs008_YR_L90_0.npy
bs008_YR_R90_0.npy
bs009_CR_RD_0.npy
bs009_CR_RU_0.npy
bs009_PR_U_0.npy
bs009_YR_L45_0.npy
bs009_YR_L90_0.npy
bs009_YR_R30_0.npy
bs009_YR_R45_0.npy
bs009_YR_R90_0.npy
bs010_CR_RD_0.npy
bs010_CR_RU_0.npy
bs010_O_GLASSES_0.npy
bs010_YR_L45_0.npy
bs010_YR_L90_0.npy
bs010_YR_R20_0.npy
bs010_YR_R30_0.npy
bs010_YR_R45_0.npy
bs010_YR_R90_0.npy
bs011_CR_RD_0.npy
bs011_CR_RU_0.npy
bs011_PR_D_0.npy
bs011_PR_U_0.npy
bs011_YR_L45_0.npy
bs011_YR_L90_0.npy
bs011_YR_R30_0.npy
bs011_YR_R45_0.npy
bs011_YR_R90_0.npy
bs012_O_HAIR_0.npy
bs012_PR_U_0.npy
bs012_YR_L45_0.npy
bs012_YR_L90_0.npy
bs012_YR_R30_0.npy
bs012_YR_R45_0.npy
bs012_YR_R90_0.npy
bs013_CR_RD_0.npy
bs013_LFAU_12_0.npy
bs013_YR_L90_0.npy
bs013_YR_R45_0.npy
bs013_YR_R90_0.npy
bs014_CR_RD_0.npy
bs014_CR_RU_0.npy
bs014_E_DISGUST_0.npy
bs014_E_HAPPY_0.npy
bs014_LFAU_12_0.npy
bs014_O_EYE_0.npy
bs014_UFAU_44_0.npy
bs014_YR_L45_0.npy
bs014_YR_L90_0.npy
bs014_YR_R20_0.npy
bs014_YR_R45_0.npy
bs014_YR_R90_0.npy
bs015_CR_RD_0.npy
bs015_CR_RU_0.npy
bs015_LFAU_10_0.npy
bs015_O_HAIR_0.npy
bs015_PR_SU_0.npy
bs015_PR_U_0.npy
bs015_UFAU_1_0.npy
bs015_YR_L45_0.npy
bs015_YR_L90_0.npy
bs015_YR_R30_0.npy
bs015_YR_R45_0.npy
bs015_YR_R90_0.npy
bs016_CR_RD_0.npy
bs016_CR_RU_0.npy
bs016_O_EYE_0.npy
bs016_PR_D_0.npy
bs016_YR_L45_0.npy
bs016_YR_L90_0.npy
bs016_YR_R45_0.npy
bs016_YR_R90_0.npy
bs017_O_HAIR_0.npy
bs017_PR_U_0.npy
bs017_YR_L45_0.npy
bs017_YR_L90_0.npy
bs017_YR_R45_0.npy
bs017_YR_R90_0.npy
bs018_CR_RD_0.npy
bs018_CR_RU_0.npy
bs018_E_FEAR_0.npy
bs018_O_HAIR_0.npy
bs018_PR_D_0.npy
bs018_PR_U_0.npy
bs018_YR_L45_0.npy
bs018_YR_L90_0.npy
bs018_YR_R90_0.npy
bs019_CR_RD_0.npy
bs019_CR_RU_0.npy
bs019_YR_L45_0.npy
bs019_YR_L90_0.npy
bs019_YR_R90_0.npy
bs020_CR_RU_1.npy
bs020_PR_SU_0.npy
bs020_PR_U_0.npy
bs020_YR_L45_0.npy
bs020_YR_L90_0.npy
bs020_YR_R90_0.npy
bs021_CAU_A22A25_0.npy
bs021_CR_RU_0.npy
bs021_LFAU_10_0.npy
bs021_LFAU_17_0.npy
bs021_LFAU_22_0.npy
bs021_LFAU_25_0.npy
bs021_LFAU_27_0.npy
bs021_LFAU_9_0.npy
bs021_UFAU_44_0.npy
bs021_YR_L45_0.npy
bs021_YR_L90_0.npy
bs021_YR_R90_0.npy
bs022_O_EYE_0.npy
bs022_O_MOUTH_0.npy
bs022_PR_D_0.npy
bs022_YR_L90_0.npy
bs022_YR_R90_0.npy
bs023_CR_RD_0.npy
bs023_O_MOUTH_0.npy
bs023_PR_D_0.npy
bs023_PR_SD_0.npy
bs023_YR_L90_0.npy
bs023_YR_R90_0.npy
bs024_CR_RD_0.npy
bs024_CR_RU_0.npy
bs024_O_HAIR_0.npy
bs024_PR_U_0.npy
bs024_YR_L45_0.npy
bs024_YR_L90_0.npy
bs024_YR_R45_0.npy
bs024_YR_R90_0.npy
bs025_CR_RD_0.npy
bs025_CR_RU_0.npy
bs025_YR_L45_0.npy
bs025_YR_L90_0.npy
bs025_YR_R45_0.npy
bs025_YR_R90_0.npy
bs026_CR_RU_0.npy
bs026_O_HAIR_0.npy
bs026_PR_U_0.npy
bs026_YR_L45_0.npy
bs026_YR_L90_0.npy
bs026_YR_R90_0.npy
bs027_O_EYE_0.npy
bs027_O_MOUTH_0.npy
bs027_YR_L90_0.npy
bs027_YR_R90_0.npy
bs028_CR_RD_0.npy
bs028_CR_RU_0.npy
bs028_LFAU_34_0.npy
bs028_O_GLASSES_0.npy
bs028_PR_U_0.npy
bs028_UFAU_44_0.npy
bs028_YR_L45_0.npy
bs028_YR_L90_0.npy
bs028_YR_R45_0.npy
bs028_YR_R90_0.npy
bs029_CR_RD_0.npy
bs029_CR_RU_0.npy
bs029_O_HAIR_0.npy
bs029_PR_U_0.npy
bs029_YR_L45_0.npy
bs029_YR_L90_0.npy
bs029_YR_R45_0.npy
bs029_YR_R90_0.npy
bs030_CR_RD_0.npy
bs030_CR_RU_0.npy
bs030_LFAU_10_0.npy
bs030_YR_L45_0.npy
bs030_YR_L90_0.npy
bs030_YR_R90_0.npy
bs031_YR_L90_0.npy
bs031_YR_R45_0.npy
bs031_YR_R90_0.npy
bs032_CR_RD_0.npy
bs032_CR_RU_0.npy
bs032_PR_D_0.npy
bs032_PR_U_0.npy
bs032_YR_L90_0.npy
bs032_YR_R90_0.npy
bs033_CR_RD_0.npy
bs033_CR_RU_0.npy
bs033_PR_U_0.npy
bs033_YR_L45_0.npy
bs033_YR_L90_0.npy
bs033_YR_R90_0.npy
bs034_CR_RU_0.npy
bs034_PR_SD_0.npy
bs034_PR_U_0.npy
bs034_YR_L45_0.npy
bs034_YR_L90_0.npy
bs034_YR_R90_0.npy
bs035_CR_RD_0.npy
bs035_CR_RU_0.npy
bs035_O_EYE_0.npy
bs035_PR_D_0.npy
bs035_PR_U_0.npy
bs035_YR_L45_0.npy
bs035_YR_L90_0.npy
bs035_YR_R30_0.npy
bs035_YR_R45_0.npy
bs035_YR_R90_0.npy
bs036_CR_RD_0.npy
bs036_CR_RU_0.npy
bs036_O_MOUTH_0.npy
bs036_PR_D_0.npy
bs036_YR_L45_0.npy
bs036_YR_L90_0.npy
bs036_YR_R90_0.npy
bs037_CR_RD_0.npy
bs037_CR_RU_0.npy
bs037_PR_U_0.npy
bs037_YR_L45_0.npy
bs037_YR_L90_0.npy
bs037_YR_R90_0.npy
bs038_CR_RD_0.npy
bs038_CR_RU_0.npy
bs038_E_FEAR_0.npy
bs038_PR_D_0.npy
bs038_PR_SD_0.npy
bs038_PR_U_0.npy
bs038_YR_L45_0.npy
bs038_YR_L90_0.npy
bs038_YR_R45_0.npy
bs039_CR_RD_0.npy
bs039_CR_RU_0.npy
bs039_LFAU_9_0.npy
bs039_PR_D_0.npy
bs039_PR_U_0.npy
bs039_YR_L45_0.npy
bs039_YR_L90_0.npy
bs039_YR_R90_0.npy
bs040_CR_RU_0.npy
bs040_YR_L45_0.npy
bs040_YR_L90_0.npy
bs040_YR_R45_0.npy
bs040_YR_R90_0.npy
bs041_CR_RD_0.npy
bs041_CR_RU_0.npy
bs041_E_ANGER_0.npy
bs041_E_DISGUST_0.npy
bs041_E_FEAR_0.npy
bs041_E_SURPRISE_0.npy
bs041_LFAU_18_0.npy
bs041_O_MOUTH_0.npy
bs041_PR_U_0.npy
bs041_UFAU_2_0.npy
bs041_UFAU_44_0.npy
bs041_UFAU_4_0.npy
bs041_YR_L90_0.npy
bs041_YR_R90_0.npy
bs042_CR_RD_0.npy
bs042_CR_RU_0.npy
bs042_PR_U_0.npy
bs042_YR_L45_0.npy
bs042_YR_L90_0.npy
bs042_YR_R30_0.npy
bs042_YR_R45_0.npy
bs042_YR_R90_0.npy
bs043_CR_RD_0.npy
bs043_CR_RU_0.npy
bs043_E_FEAR_0.npy
bs043_E_SURPRISE_0.npy
bs043_PR_U_0.npy
bs043_UFAU_43_0.npy
bs043_UFAU_44_0.npy
bs043_UFAU_4_0.npy
bs043_YR_L45_0.npy
bs043_YR_L90_0.npy
bs043_YR_R90_0.npy
bs044_CR_RD_0.npy
bs044_CR_RU_0.npy
bs044_PR_D_0.npy
bs044_PR_U_0.npy
bs044_YR_L90_0.npy
bs044_YR_R45_0.npy
bs044_YR_R90_0.npy
bs045_CR_RD_0.npy
bs045_CR_RU_0.npy
bs045_O_GLASSES_0.npy
bs045_O_HAIR_0.npy
bs045_PR_D_0.npy
bs045_PR_U_0.npy
bs045_YR_L45_0.npy
bs045_YR_L90_0.npy
bs045_YR_R20_0.npy
bs045_YR_R90_0.npy
bs046_CR_RD_0.npy
bs046_CR_RU_0.npy
bs046_LFAU_28_0.npy
bs046_O_GLASSES_0.npy
bs046_O_HAIR_0.npy
bs046_PR_SU_0.npy
bs046_PR_U_0.npy
bs046_YR_L45_0.npy
bs046_YR_L90_0.npy
bs046_YR_R90_0.npy
bs047_CR_RD_0.npy
bs047_CR_RU_0.npy
bs047_LFAU_9_0.npy
bs047_O_MOUTH_0.npy
bs047_PR_SU_0.npy
bs047_PR_U_0.npy
bs047_YR_L45_0.npy
bs047_YR_L90_0.npy
bs047_YR_R90_0.npy
bs048_CR_RD_0.npy
bs048_CR_RU_0.npy
bs048_PR_SU_0.npy
bs048_PR_U_0.npy
bs048_YR_L45_0.npy
bs048_YR_L90_0.npy
bs048_YR_R45_0.npy
bs048_YR_R90_0.npy
bs049_CR_RD_0.npy
bs049_PR_U_0.npy
bs049_YR_L90_0.npy
bs049_YR_R90_0.npy
bs050_PR_U_0.npy
bs050_YR_L45_0.npy
bs050_YR_L90_0.npy
bs050_YR_R90_0.npy
bs051_CR_RD_0.npy
bs051_CR_RU_0.npy
bs051_PR_D_0.npy
bs051_PR_U_0.npy
bs051_YR_L45_0.npy
bs051_YR_L90_0.npy
bs051_YR_R45_0.npy
bs051_YR_R90_0.npy
bs052_CR_RD_0.npy
bs052_CR_RU_0.npy
bs052_PR_D_0.npy
bs052_PR_U_0.npy
bs052_YR_L45_0.npy
bs052_YR_L90_0.npy
bs052_YR_R90_0.npy
bs053_CR_RD_0.npy
bs053_CR_RU_0.npy
bs053_LFAU_9_0.npy
bs053_O_EYE_0.npy
bs053_O_GLASSES_0.npy
bs053_O_HAIR_0.npy
bs053_O_MOUTH_0.npy
bs053_PR_D_0.npy
bs053_PR_SD_0.npy
bs053_PR_U_0.npy
bs053_YR_L90_0.npy
bs053_YR_R90_0.npy
bs054_CR_RU_0.npy
bs054_O_MOUTH_0.npy
bs054_PR_U_0.npy
bs054_YR_L45_0.npy
bs054_YR_L90_0.npy
bs054_YR_R45_0.npy
bs054_YR_R90_0.npy
bs055_CR_RD_0.npy
bs055_CR_RU_0.npy
bs055_PR_U_0.npy
bs055_YR_L45_0.npy
bs055_YR_L90_0.npy
bs055_YR_R45_0.npy
bs055_YR_R90_0.npy
bs056_CR_RU_0.npy
bs056_PR_SU_0.npy
bs056_PR_U_0.npy
bs056_YR_L90_0.npy
bs056_YR_R90_0.npy
bs057_CR_RD_0.npy
bs057_O_HAIR_0.npy
bs057_PR_U_0.npy
bs057_YR_L45_0.npy
bs057_YR_L90_0.npy
bs057_YR_R45_0.npy
bs057_YR_R90_0.npy
bs058_PR_U_0.npy
bs059_CR_RD_0.npy
bs059_CR_RU_0.npy
bs059_O_EYE_0.npy
bs059_O_HAIR_0.npy
bs059_PR_D_0.npy
bs059_PR_U_0.npy
bs059_YR_L45_0.npy
bs059_YR_L90_0.npy
bs059_YR_R30_0.npy
bs059_YR_R90_0.npy
bs060_CR_RD_0.npy
bs060_CR_RU_0.npy
bs060_O_EYE_0.npy
bs060_O_HAIR_0.npy
bs060_PR_D_0.npy
bs060_PR_U_0.npy
bs060_YR_L45_0.npy
bs060_YR_L90_0.npy
bs060_YR_R90_0.npy
bs061_CR_RD_0.npy
bs061_CR_RU_0.npy
bs061_LFAU_9_0.npy
bs061_PR_D_0.npy
bs061_PR_U_0.npy
bs061_YR_L45_0.npy
bs061_YR_L90_0.npy
bs061_YR_R90_0.npy
bs062_CR_RD_0.npy
bs062_CR_RU_0.npy
bs062_O_HAIR_0.npy
bs062_PR_SU_0.npy
bs062_PR_U_0.npy
bs062_YR_L45_0.npy
bs062_YR_L90_0.npy
bs062_YR_R30_0.npy
bs062_YR_R45_0.npy
bs062_YR_R90_0.npy
bs063_CR_RD_0.npy
bs063_CR_RU_0.npy
bs063_O_HAIR_0.npy
bs063_PR_SU_0.npy
bs063_PR_U_0.npy
bs063_YR_L45_0.npy
bs063_YR_L90_0.npy
bs063_YR_R45_0.npy
bs063_YR_R90_0.npy
bs064_CR_RD_0.npy
bs064_CR_RU_0.npy
bs064_LFAU_34_0.npy
bs064_O_EYE_0.npy
bs064_O_MOUTH_0.npy
bs064_PR_D_0.npy
bs064_YR_L90_0.npy
bs064_YR_R90_0.npy
bs065_CR_RU_0.npy
bs065_YR_L90_0.npy
bs065_YR_R90_0.npy
bs066_CR_RD_0.npy
bs066_CR_RU_0.npy
bs066_PR_U_0.npy
bs066_YR_L45_0.npy
bs066_YR_L90_0.npy
bs066_YR_R20_0.npy
bs066_YR_R30_0.npy
bs066_YR_R45_0.npy
bs066_YR_R90_0.npy
bs067_CR_RD_0.npy
bs067_O_MOUTH_0.npy
bs067_PR_D_0.npy
bs067_YR_L45_0.npy
bs067_YR_L90_0.npy
bs067_YR_R45_0.npy
bs067_YR_R90_0.npy
bs068_CR_RU_0.npy
bs068_YR_L45_0.npy
bs068_YR_L90_0.npy
bs068_YR_R30_0.npy
bs068_YR_R45_0.npy
bs068_YR_R90_0.npy
bs069_CR_RD_0.npy
bs069_CR_RU_0.npy
bs069_PR_U_0.npy
bs069_YR_L90_0.npy
bs069_YR_R90_0.npy
bs070_CR_RU_0.npy
bs070_PR_U_0.npy
bs070_YR_L45_0.npy
bs070_YR_L90_0.npy
bs070_YR_R45_0.npy
bs070_YR_R90_0.npy
bs071_CR_RD_0.npy
bs071_CR_RU_0.npy
bs071_O_HAIR_0.npy
bs071_PR_D_0.npy
bs071_PR_U_0.npy
bs071_YR_L45_0.npy
bs071_YR_L90_0.npy
bs071_YR_R20_0.npy
bs071_YR_R30_0.npy
bs071_YR_R45_0.npy
bs071_YR_R90_0.npy
bs072_CR_RD_0.npy
bs072_CR_RU_0.npy
bs072_PR_U_0.npy
bs072_YR_L45_0.npy
bs072_YR_L90_0.npy
bs072_YR_R45_0.npy
bs072_YR_R90_0.npy
bs073_CR_RU_0.npy
bs073_O_EYE_0.npy
bs073_O_MOUTH_0.npy
bs073_PR_U_0.npy
bs073_YR_L45_0.npy
bs073_YR_L90_0.npy
bs073_YR_R20_0.npy
bs073_YR_R30_0.npy
bs073_YR_R45_0.npy
bs073_YR_R90_0.npy
bs074_CR_RD_0.npy
bs074_CR_RU_0.npy
bs074_LFAU_9_0.npy
bs074_YR_L90_0.npy
bs074_YR_R90_0.npy
bs075_CR_RD_0.npy
bs075_CR_RU_0.npy
bs075_YR_L45_0.npy
bs075_YR_L90_0.npy
bs075_YR_R30_0.npy
bs075_YR_R45_0.npy
bs075_YR_R90_0.npy
bs076_CR_RU_0.npy
bs076_YR_L45_0.npy
bs076_YR_L90_0.npy
bs076_YR_R45_0.npy
bs076_YR_R90_0.npy
bs077_CR_RU_0.npy
bs077_LFAU_9_0.npy
bs077_O_EYE_0.npy
bs077_O_GLASSES_0.npy
bs077_PR_U_0.npy
bs077_YR_L45_0.npy
bs077_YR_L90_0.npy
bs077_YR_R90_0.npy
bs078_CR_RU_0.npy
bs078_LFAU_27_0.npy
bs078_PR_D_0.npy
bs078_PR_U_0.npy
bs078_UFAU_43_0.npy
bs078_YR_L45_0.npy
bs078_YR_L90_0.npy
bs078_YR_R90_0.npy
bs079_CR_RD_0.npy
bs079_CR_RU_0.npy
bs079_YR_L90_0.npy
bs079_YR_R90_0.npy
bs080_CR_RU_0.npy
bs080_PR_SU_0.npy
bs080_YR_L45_0.npy
bs080_YR_L90_0.npy
bs080_YR_R90_0.npy
bs081_O_MOUTH_0.npy
bs081_PR_U_0.npy
bs081_YR_L45_0.npy
bs081_YR_L90_0.npy
bs081_YR_R45_0.npy
bs081_YR_R90_0.npy
bs082_CR_RD_0.npy
bs082_CR_RU_0.npy
bs082_YR_L45_0.npy
bs082_YR_L90_0.npy
bs082_YR_R20_0.npy
bs082_YR_R30_0.npy
bs082_YR_R45_0.npy
bs082_YR_R90_0.npy
bs083_YR_L45_0.npy
bs083_YR_L90_0.npy
bs083_YR_R90_0.npy
bs084_CR_RD_0.npy
bs084_CR_RU_0.npy
bs084_PR_U_0.npy
bs084_YR_L45_0.npy
bs084_YR_L90_0.npy
bs084_YR_R45_0.npy
bs084_YR_R90_0.npy
bs085_PR_U_0.npy
bs085_YR_L45_0.npy
bs085_YR_L90_0.npy
bs085_YR_R90_0.npy
bs086_PR_U_0.npy
bs086_YR_L45_0.npy
bs086_YR_L90_0.npy
bs086_YR_R45_0.npy
bs086_YR_R90_0.npy
bs087_PR_U_0.npy
bs087_YR_L45_0.npy
bs087_YR_L90_0.npy
bs087_YR_R45_0.npy
bs087_YR_R90_0.npy
bs088_CR_RD_0.npy
bs088_E_DISGUST_0.npy
bs088_O_HAIR_0.npy
bs088_YR_L45_0.npy
bs088_YR_L90_0.npy
bs088_YR_R45_0.npy
bs088_YR_R90_0.npy
bs089_PR_U_0.npy
bs089_YR_L45_0.npy
bs089_YR_L90_0.npy
bs089_YR_R45_0.npy
bs089_YR_R90_0.npy
bs090_YR_L45_0.npy
bs090_YR_L90_0.npy
bs090_YR_R90_0.npy
bs091_CR_RD_0.npy
bs091_CR_RU_0.npy
bs091_O_GLASSES_0.npy
bs091_PR_U_0.npy
bs091_YR_L45_0.npy
bs091_YR_L90_0.npy
bs091_YR_R30_0.npy
bs091_YR_R45_0.npy
bs091_YR_R90_0.npy
bs092_CR_RU_0.npy
bs092_LFAU_17_0.npy
bs092_YR_L45_0.npy
bs092_YR_L90_0.npy
bs092_YR_R10_0.npy
bs092_YR_R20_0.npy
bs092_YR_R90_0.npy
bs093_CR_RD_0.npy
bs093_E_ANGER_0.npy
bs093_E_DISGUST_0.npy
bs093_PR_D_0.npy
bs093_PR_SD_0.npy
bs093_YR_L45_0.npy
bs093_YR_L90_0.npy
bs093_YR_R45_0.npy
bs093_YR_R90_0.npy
bs094_PR_U_0.npy
bs094_YR_L45_0.npy
bs094_YR_L90_0.npy
bs094_YR_R45_0.npy
bs094_YR_R90_0.npy
bs095_YR_L90_0.npy
bs095_YR_R90_0.npy
bs096_YR_L90_0.npy
bs096_YR_R90_0.npy
bs097_LFAU_20_0.npy
bs097_LFAU_27_0.npy
bs097_YR_L45_0.npy
bs097_YR_L90_0.npy
bs097_YR_R45_0.npy
bs097_YR_R90_0.npy
bs098_CR_RU_0.npy
bs098_YR_L45_0.npy
bs098_YR_L90_0.npy
bs098_YR_R45_0.npy
bs098_YR_R90_0.npy
bs099_CR_RD_0.npy
bs099_PR_D_0.npy
bs099_YR_L90_0.npy
bs099_YR_R90_0.npy
bs100_YR_L45_0.npy
bs100_YR_L90_0.npy
bs100_YR_R90_0.npy
bs101_O_HAIR_0.npy
bs101_YR_L45_0.npy
bs101_YR_L90_0.npy
bs101_YR_R90_0.npy
bs102_O_HAIR_0.npy
bs102_PR_U_0.npy
bs102_YR_L45_0.npy
bs102_YR_L90_0.npy
bs102_YR_R45_0.npy
bs102_YR_R90_0.npy
bs103_LFAU_9_0.npy
bs103_YR_L45_0.npy
bs103_YR_L90_0.npy
bs103_YR_R45_0.npy
bs103_YR_R90_0.npy
bs002_CR_RU_0.npy
bs002_YR_L45_0.npy
bs002_YR_L90_0.npy
bs002_YR_R30_0.npy
bs002_YR_R45_0.npy
bs003_CR_RD_0.npy
bs003_CR_RU_0.npy
bs003_O_HAIR_1.npy
bs003_PR_D_0.npy
bs003_PR_U_0.npy
bs003_YR_L45_0.npy
bs003_YR_L90_0.npy
bs003_YR_R45_0.npy
bs003_YR_R90_0.npy
bs004_CR_RD_0.npy
bs004_E_FEAR_0.npy
bs004_PR_D_0.npy
bs005_CR_RD_0.npy
bs005_YR_L90_0.npy
bs005_YR_R90_0.npy
bs006_CR_RD_0.npy
bs006_CR_RU_0.npy
bs006_PR_U_0.npy
bs006_UFAU_44_0.npy
bs006_YR_L45_0.npy
bs006_YR_L90_0.npy
bs006_YR_R45_0.npy
bs006_YR_R90_0.npy
bs007_CR_RU_0.npy
bs007_PR_U_0.npy
bs007_YR_L45_0.npy
bs007_YR_L90_0.npy
bs007_YR_R45_0.npy
bs007_YR_R90_0.npy
bs008_IGN_INV_1.npy
bs008_YR_L45_0.npy
bs008_YR_L90_0.npy
bs008_YR_R90_0.npy
bs009_CR_RD_0.npy
bs009_CR_RU_0.npy
bs009_PR_U_0.npy
bs009_YR_L45_0.npy
bs009_YR_L90_0.npy
bs009_YR_R30_0.npy
bs009_YR_R45_0.npy
bs009_YR_R90_0.npy
bs010_CR_RD_0.npy
bs010_CR_RU_0.npy
bs010_O_GLASSES_0.npy
bs010_YR_L45_0.npy
bs010_YR_L90_0.npy
bs010_YR_R20_0.npy
bs010_YR_R30_0.npy
bs010_YR_R45_0.npy
bs010_YR_R90_0.npy
bs011_CR_RD_0.npy
bs011_CR_RU_0.npy
bs011_PR_D_0.npy
bs011_PR_U_0.npy
bs011_YR_L45_0.npy
bs011_YR_L90_0.npy
bs011_YR_R30_0.npy
bs011_YR_R45_0.npy
bs011_YR_R90_0.npy
bs012_O_HAIR_0.npy
bs012_PR_U_0.npy
bs012_YR_L45_0.npy
bs012_YR_L90_0.npy
bs012_YR_R30_0.npy
bs012_YR_R45_0.npy
bs012_YR_R90_0.npy
bs013_CR_RD_0.npy
bs013_LFAU_12_0.npy
bs013_YR_L90_0.npy
bs013_YR_R45_0.npy
bs013_YR_R90_0.npy
bs014_CR_RD_0.npy
bs014_CR_RU_0.npy
bs014_E_DISGUST_0.npy
bs014_E_HAPPY_0.npy
bs014_LFAU_12_0.npy
bs014_O_EYE_0.npy
bs014_UFAU_44_0.npy
bs014_YR_L45_0.npy
bs014_YR_L90_0.npy
bs014_YR_R20_0.npy
bs014_YR_R45_0.npy
bs014_YR_R90_0.npy
bs015_CR_RD_0.npy
bs015_CR_RU_0.npy
bs015_LFAU_10_0.npy
bs015_O_HAIR_0.npy
bs015_PR_SU_0.npy
bs015_PR_U_0.npy
bs015_UFAU_1_0.npy
bs015_YR_L45_0.npy
bs015_YR_L90_0.npy
bs015_YR_R30_0.npy
bs015_YR_R45_0.npy
bs015_YR_R90_0.npy
bs016_CR_RD_0.npy
bs016_CR_RU_0.npy
bs016_O_EYE_0.npy
bs016_PR_D_0.npy
bs016_YR_L45_0.npy
bs016_YR_L90_0.npy
bs016_YR_R45_0.npy
bs016_YR_R90_0.npy
bs017_O_HAIR_0.npy
bs017_PR_U_0.npy
bs017_YR_L45_0.npy
bs017_YR_L90_0.npy
bs017_YR_R45_0.npy
bs017_YR_R90_0.npy
bs018_CR_RD_0.npy
bs018_CR_RU_0.npy
bs018_E_FEAR_0.npy
bs018_O_HAIR_0.npy
bs018_PR_D_0.npy
bs018_PR_U_0.npy
bs018_YR_L45_0.npy
bs018_YR_L90_0.npy
bs018_YR_R90_0.npy
bs019_CR_RD_0.npy
bs019_CR_RU_0.npy
bs019_YR_L45_0.npy
bs019_YR_L90_0.npy
bs019_YR_R90_0.npy
bs020_CR_RU_1.npy
bs020_PR_SU_0.npy
bs020_PR_U_0.npy
bs020_YR_L45_0.npy
bs020_YR_L90_0.npy
bs020_YR_R90_0.npy
bs021_CAU_A22A25_0.npy
bs021_CR_RU_0.npy
bs021_LFAU_10_0.npy
bs021_LFAU_17_0.npy
bs021_LFAU_22_0.npy
bs021_LFAU_25_0.npy
bs021_LFAU_27_0.npy
bs021_LFAU_9_0.npy
bs021_UFAU_44_0.npy
bs021_YR_L45_0.npy
bs021_YR_L90_0.npy
bs021_YR_R90_0.npy
bs022_O_EYE_0.npy
bs022_O_MOUTH_0.npy
bs022_PR_D_0.npy
bs022_YR_L90_0.npy
bs022_YR_R90_0.npy
bs023_CR_RD_0.npy
bs023_O_MOUTH_0.npy
bs023_PR_D_0.npy
bs023_PR_SD_0.npy
bs023_YR_L90_0.npy
bs023_YR_R90_0.npy
bs024_CR_RD_0.npy
bs024_CR_RU_0.npy
bs024_O_HAIR_0.npy
bs024_PR_U_0.npy
bs024_YR_L45_0.npy
bs024_YR_L90_0.npy
bs024_YR_R45_0.npy
bs024_YR_R90_0.npy
bs025_CR_RD_0.npy
bs025_CR_RU_0.npy
bs025_YR_L45_0.npy
bs025_YR_L90_0.npy
bs025_YR_R45_0.npy
bs025_YR_R90_0.npy
bs026_CR_RU_0.npy
bs026_O_HAIR_0.npy
bs026_PR_U_0.npy
bs026_YR_L45_0.npy
bs026_YR_L90_0.npy
bs026_YR_R90_0.npy
bs027_O_EYE_0.npy
bs027_O_MOUTH_0.npy
bs027_YR_L90_0.npy
bs027_YR_R90_0.npy
bs028_CR_RD_0.npy
bs028_CR_RU_0.npy
bs028_LFAU_34_0.npy
bs028_O_GLASSES_0.npy
bs028_PR_U_0.npy
bs028_UFAU_44_0.npy
bs028_YR_L45_0.npy
bs028_YR_L90_0.npy
bs028_YR_R45_0.npy
bs028_YR_R90_0.npy
bs029_CR_RD_0.npy
bs029_CR_RU_0.npy
bs029_O_HAIR_0.npy
bs029_PR_U_0.npy
bs029_YR_L45_0.npy
bs029_YR_L90_0.npy
bs029_YR_R45_0.npy
bs029_YR_R90_0.npy
bs030_CR_RD_0.npy
bs030_CR_RU_0.npy
bs030_LFAU_10_0.npy
bs030_YR_L45_0.npy
bs030_YR_L90_0.npy
bs030_YR_R90_0.npy
bs031_YR_L90_0.npy
bs031_YR_R45_0.npy
bs031_YR_R90_0.npy
bs032_CR_RD_0.npy
bs032_CR_RU_0.npy
bs032_PR_D_0.npy
bs032_PR_U_0.npy
bs032_YR_L90_0.npy
bs032_YR_R90_0.npy
bs033_CR_RD_0.npy
bs033_CR_RU_0.npy
bs033_PR_U_0.npy
bs033_YR_L45_0.npy
bs033_YR_L90_0.npy
bs033_YR_R90_0.npy
bs034_CR_RU_0.npy
bs034_PR_SD_0.npy
bs034_PR_U_0.npy
bs034_YR_L45_0.npy
bs034_YR_L90_0.npy
bs034_YR_R90_0.npy
bs035_CR_RD_0.npy
bs035_CR_RU_0.npy
bs035_O_EYE_0.npy
bs035_PR_D_0.npy
bs035_PR_U_0.npy
bs035_YR_L45_0.npy
bs035_YR_L90_0.npy
bs035_YR_R30_0.npy
bs035_YR_R45_0.npy
bs035_YR_R90_0.npy
bs036_CR_RD_0.npy
bs036_CR_RU_0.npy
bs036_O_MOUTH_0.npy
bs036_PR_D_0.npy
bs036_YR_L45_0.npy
bs036_YR_L90_0.npy
bs036_YR_R90_0.npy
bs037_CR_RD_0.npy
bs037_CR_RU_0.npy
bs037_PR_U_0.npy
bs037_YR_L45_0.npy
bs037_YR_L90_0.npy
bs037_YR_R90_0.npy
bs038_CR_RD_0.npy
bs038_CR_RU_0.npy
bs038_E_FEAR_0.npy
bs038_PR_D_0.npy
bs038_PR_SD_0.npy
bs038_PR_U_0.npy
bs038_YR_L45_0.npy
bs038_YR_L90_0.npy
bs038_YR_R45_0.npy
bs039_CR_RD_0.npy
bs039_CR_RU_0.npy
bs039_LFAU_9_0.npy
bs039_PR_D_0.npy
bs039_PR_U_0.npy
bs039_YR_L45_0.npy
bs039_YR_L90_0.npy
bs039_YR_R90_0.npy
bs040_CR_RU_0.npy
bs040_YR_L45_0.npy
bs040_YR_L90_0.npy
bs040_YR_R45_0.npy
bs040_YR_R90_0.npy
bs041_CR_RD_0.npy
bs041_CR_RU_0.npy
bs041_E_ANGER_0.npy
bs041_E_DISGUST_0.npy
bs041_E_FEAR_0.npy
bs041_E_SURPRISE_0.npy
bs041_LFAU_18_0.npy
bs041_O_MOUTH_0.npy
bs041_PR_U_0.npy
bs041_UFAU_2_0.npy
bs041_UFAU_44_0.npy
bs041_UFAU_4_0.npy
bs041_YR_L90_0.npy
bs041_YR_R90_0.npy
bs042_CR_RD_0.npy
bs042_CR_RU_0.npy
bs042_PR_U_0.npy
bs042_YR_L45_0.npy
bs042_YR_L90_0.npy
bs042_YR_R30_0.npy
bs042_YR_R45_0.npy
bs042_YR_R90_0.npy
bs043_CR_RD_0.npy
bs043_CR_RU_0.npy
bs043_E_FEAR_0.npy
bs043_E_SURPRISE_0.npy
bs043_PR_U_0.npy
bs043_UFAU_43_0.npy
bs043_UFAU_44_0.npy
bs043_UFAU_4_0.npy
bs043_YR_L45_0.npy
bs043_YR_L90_0.npy
bs043_YR_R90_0.npy
bs044_CR_RD_0.npy
bs044_CR_RU_0.npy
bs044_PR_D_0.npy
bs044_PR_U_0.npy
bs044_YR_L90_0.npy
bs044_YR_R45_0.npy
bs044_YR_R90_0.npy
bs045_CR_RD_0.npy
bs045_CR_RU_0.npy
bs045_O_GLASSES_0.npy
bs045_O_HAIR_0.npy
bs045_PR_D_0.npy
bs045_PR_U_0.npy
bs045_YR_L45_0.npy
bs045_YR_L90_0.npy
bs045_YR_R20_0.npy
bs045_YR_R90_0.npy
bs046_CR_RD_0.npy
bs046_CR_RU_0.npy
bs046_LFAU_28_0.npy
bs046_O_GLASSES_0.npy
bs046_O_HAIR_0.npy
bs046_PR_SU_0.npy
bs046_PR_U_0.npy
bs046_YR_L45_0.npy
bs046_YR_L90_0.npy
bs046_YR_R90_0.npy
bs047_CR_RD_0.npy
bs047_CR_RU_0.npy
bs047_LFAU_9_0.npy
bs047_O_MOUTH_0.npy
bs047_PR_SU_0.npy
bs047_PR_U_0.npy
bs047_YR_L45_0.npy
bs047_YR_L90_0.npy
bs047_YR_R90_0.npy
bs048_CR_RD_0.npy
bs048_CR_RU_0.npy
bs048_PR_SU_0.npy
bs048_PR_U_0.npy
bs048_YR_L45_0.npy
bs048_YR_L90_0.npy
bs048_YR_R45_0.npy
bs048_YR_R90_0.npy
bs049_CR_RD_0.npy
bs049_PR_U_0.npy
bs049_YR_L90_0.npy
bs049_YR_R90_0.npy
bs050_PR_U_0.npy
bs050_YR_L45_0.npy
bs050_YR_L90_0.npy
bs050_YR_R90_0.npy
bs051_CR_RD_0.npy
bs051_CR_RU_0.npy
bs051_PR_D_0.npy
bs051_PR_U_0.npy
bs051_YR_L45_0.npy
bs051_YR_L90_0.npy
bs051_YR_R45_0.npy
bs051_YR_R90_0.npy
bs052_CR_RD_0.npy
bs052_CR_RU_0.npy
bs052_PR_D_0.npy
bs052_PR_U_0.npy
bs052_YR_L45_0.npy
bs052_YR_L90_0.npy
bs052_YR_R90_0.npy
bs053_CR_RD_0.npy
bs053_CR_RU_0.npy
bs053_LFAU_9_0.npy
bs053_O_EYE_0.npy
bs053_O_GLASSES_0.npy
bs053_O_HAIR_0.npy
bs053_O_MOUTH_0.npy
bs053_PR_D_0.npy
bs053_PR_SD_0.npy
bs053_PR_U_0.npy
bs053_YR_L90_0.npy
bs053_YR_R90_0.npy
bs054_CR_RU_0.npy
bs054_O_MOUTH_0.npy
bs054_PR_U_0.npy
bs054_YR_L45_0.npy
bs054_YR_L90_0.npy
bs054_YR_R45_0.npy
bs054_YR_R90_0.npy
bs055_CR_RD_0.npy
bs055_CR_RU_0.npy
bs055_PR_U_0.npy
bs055_YR_L45_0.npy
bs055_YR_L90_0.npy
bs055_YR_R45_0.npy
bs055_YR_R90_0.npy
bs056_CR_RU_0.npy
bs056_PR_SU_0.npy
bs056_PR_U_0.npy
bs056_YR_L90_0.npy
bs056_YR_R90_0.npy
bs057_CR_RD_0.npy
bs057_O_HAIR_0.npy
bs057_PR_U_0.npy
bs057_YR_L45_0.npy
bs057_YR_L90_0.npy
bs057_YR_R45_0.npy
bs057_YR_R90_0.npy
bs058_PR_U_0.npy
bs059_CR_RD_0.npy
bs059_CR_RU_0.npy
bs059_O_EYE_0.npy
bs059_O_HAIR_0.npy
bs059_PR_D_0.npy
bs059_PR_U_0.npy
bs059_YR_L45_0.npy
bs059_YR_L90_0.npy
bs059_YR_R30_0.npy
bs059_YR_R90_0.npy
bs060_CR_RD_0.npy
bs060_CR_RU_0.npy
bs060_O_EYE_0.npy
bs060_O_HAIR_0.npy
bs060_PR_D_0.npy
bs060_PR_U_0.npy
bs060_YR_L45_0.npy
bs060_YR_L90_0.npy
bs060_YR_R90_0.npy
bs061_CR_RD_0.npy
bs061_CR_RU_0.npy
bs061_LFAU_9_0.npy
bs061_PR_D_0.npy
bs061_PR_U_0.npy
bs061_YR_L45_0.npy
bs061_YR_L90_0.npy
bs061_YR_R90_0.npy
bs062_CR_RD_0.npy
bs062_CR_RU_0.npy
bs062_O_HAIR_0.npy
bs062_PR_SU_0.npy
bs062_PR_U_0.npy
bs062_YR_L45_0.npy
bs062_YR_L90_0.npy
bs062_YR_R30_0.npy
bs062_YR_R45_0.npy
bs062_YR_R90_0.npy
bs063_CR_RD_0.npy
bs063_CR_RU_0.npy
bs063_O_HAIR_0.npy
bs063_PR_SU_0.npy
bs063_PR_U_0.npy
bs063_YR_L45_0.npy
bs063_YR_L90_0.npy
bs063_YR_R45_0.npy
bs063_YR_R90_0.npy
bs064_CR_RD_0.npy
bs064_CR_RU_0.npy
bs064_LFAU_34_0.npy
bs064_O_EYE_0.npy
bs064_O_MOUTH_0.npy
bs064_PR_D_0.npy
bs064_YR_L90_0.npy
bs064_YR_R90_0.npy
bs065_CR_RU_0.npy
bs065_YR_L90_0.npy
bs065_YR_R90_0.npy
bs066_CR_RD_0.npy
bs066_CR_RU_0.npy
bs066_PR_U_0.npy
bs066_YR_L45_0.npy
bs066_YR_L90_0.npy
bs066_YR_R20_0.npy
bs066_YR_R30_0.npy
bs066_YR_R45_0.npy
bs066_YR_R90_0.npy
bs067_CR_RD_0.npy
bs067_O_MOUTH_0.npy
bs067_PR_D_0.npy
bs067_YR_L45_0.npy
bs067_YR_L90_0.npy
bs067_YR_R45_0.npy
bs067_YR_R90_0.npy
bs068_CR_RU_0.npy
bs068_YR_L45_0.npy
bs068_YR_L90_0.npy
bs068_YR_R30_0.npy
bs068_YR_R45_0.npy
bs068_YR_R90_0.npy
bs069_CR_RD_0.npy
bs069_CR_RU_0.npy
bs069_PR_U_0.npy
bs069_YR_L90_0.npy
bs069_YR_R90_0.npy
bs070_CR_RU_0.npy
bs070_PR_U_0.npy
bs070_YR_L45_0.npy
bs070_YR_L90_0.npy
bs070_YR_R45_0.npy
bs070_YR_R90_0.npy
bs071_CR_RD_0.npy
bs071_CR_RU_0.npy
bs071_O_HAIR_0.npy
bs071_PR_D_0.npy
bs071_PR_U_0.npy
bs071_YR_L45_0.npy
bs071_YR_L90_0.npy
bs071_YR_R20_0.npy
bs071_YR_R30_0.npy
bs071_YR_R45_0.npy
bs071_YR_R90_0.npy
bs072_CR_RD_0.npy
bs072_CR_RU_0.npy
bs072_PR_U_0.npy
bs072_YR_L45_0.npy
bs072_YR_L90_0.npy
bs072_YR_R45_0.npy
bs072_YR_R90_0.npy
bs073_CR_RU_0.npy
bs073_O_EYE_0.npy
bs073_O_MOUTH_0.npy
bs073_PR_U_0.npy
bs073_YR_L45_0.npy
bs073_YR_L90_0.npy
bs073_YR_R20_0.npy
bs073_YR_R30_0.npy
bs073_YR_R45_0.npy
bs073_YR_R90_0.npy
bs074_CR_RD_0.npy
bs074_CR_RU_0.npy
bs074_LFAU_9_0.npy
bs074_YR_L90_0.npy
bs074_YR_R90_0.npy
bs075_CR_RD_0.npy
bs075_CR_RU_0.npy
bs075_YR_L45_0.npy
bs075_YR_L90_0.npy
bs075_YR_R30_0.npy
bs075_YR_R45_0.npy
bs075_YR_R90_0.npy
bs076_CR_RU_0.npy
bs076_YR_L45_0.npy
bs076_YR_L90_0.npy
bs076_YR_R45_0.npy
bs076_YR_R90_0.npy
bs077_CR_RU_0.npy
bs077_LFAU_9_0.npy
bs077_O_EYE_0.npy
bs077_O_GLASSES_0.npy
bs077_PR_U_0.npy
bs077_YR_L45_0.npy
bs077_YR_L90_0.npy
bs077_YR_R90_0.npy
bs078_CR_RU_0.npy
bs078_LFAU_27_0.npy
bs078_PR_D_0.npy
bs078_PR_U_0.npy
bs078_UFAU_43_0.npy
bs078_YR_L45_0.npy
bs078_YR_L90_0.npy
bs078_YR_R90_0.npy
bs079_CR_RD_0.npy
bs079_CR_RU_0.npy
bs079_YR_L90_0.npy
bs079_YR_R90_0.npy
bs080_CR_RU_0.npy
bs080_PR_SU_0.npy
bs080_YR_L45_0.npy
bs080_YR_L90_0.npy
bs080_YR_R90_0.npy
bs081_O_MOUTH_0.npy
bs081_PR_U_0.npy
bs081_YR_L45_0.npy
bs081_YR_L90_0.npy
bs081_YR_R45_0.npy
bs081_YR_R90_0.npy
bs082_CR_RD_0.npy
bs082_CR_RU_0.npy
bs082_YR_L45_0.npy
bs082_YR_L90_0.npy
bs082_YR_R20_0.npy
bs082_YR_R30_0.npy
bs082_YR_R45_0.npy
bs082_YR_R90_0.npy
bs083_YR_L45_0.npy
bs083_YR_L90_0.npy
bs083_YR_R90_0.npy
bs084_CR_RD_0.npy
bs084_CR_RU_0.npy
bs084_PR_U_0.npy
bs084_YR_L45_0.npy
bs084_YR_L90_0.npy
bs084_YR_R45_0.npy
bs084_YR_R90_0.npy
bs085_PR_U_0.npy
bs085_YR_L45_0.npy
bs085_YR_L90_0.npy
bs085_YR_R90_0.npy
bs086_PR_U_0.npy
bs086_YR_L45_0.npy
bs086_YR_L90_0.npy
bs086_YR_R45_0.npy
bs086_YR_R90_0.npy
bs087_PR_U_0.npy
bs087_YR_L45_0.npy
bs087_YR_L90_0.npy
bs087_YR_R45_0.npy
bs087_YR_R90_0.npy
bs088_CR_RD_0.npy
bs088_E_DISGUST_0.npy
bs088_O_HAIR_0.npy
bs088_YR_L45_0.npy
bs088_YR_L90_0.npy
bs088_YR_R45_0.npy
bs088_YR_R90_0.npy
bs089_PR_U_0.npy
bs089_YR_L45_0.npy
bs089_YR_L90_0.npy
bs089_YR_R45_0.npy
bs089_YR_R90_0.npy
bs090_YR_L45_0.npy
bs090_YR_L90_0.npy
bs090_YR_R90_0.npy
bs091_CR_RD_0.npy
bs091_CR_RU_0.npy
bs091_O_GLASSES_0.npy
bs091_PR_U_0.npy
bs091_YR_L45_0.npy
bs091_YR_L90_0.npy
bs091_YR_R30_0.npy
bs091_YR_R45_0.npy
bs091_YR_R90_0.npy
bs092_CR_RU_0.npy
bs092_LFAU_17_0.npy
bs092_YR_L45_0.npy
bs092_YR_L90_0.npy
bs092_YR_R10_0.npy
bs092_YR_R20_0.npy
bs092_YR_R90_0.npy
bs093_CR_RD_0.npy
bs093_E_ANGER_0.npy
bs093_E_DISGUST_0.npy
bs093_PR_D_0.npy
bs093_PR_SD_0.npy
bs093_YR_L45_0.npy
bs093_YR_L90_0.npy
bs093_YR_R45_0.npy
bs093_YR_R90_0.npy
bs094_PR_U_0.npy
bs094_YR_L45_0.npy
bs094_YR_L90_0.npy
bs094_YR_R45_0.npy
bs094_YR_R90_0.npy
bs095_YR_L90_0.npy
bs095_YR_R90_0.npy
bs096_YR_L90_0.npy
bs096_YR_R90_0.npy
bs097_LFAU_20_0.npy
bs097_LFAU_27_0.npy
bs097_YR_L45_0.npy
bs097_YR_L90_0.npy
bs097_YR_R45_0.npy
bs097_YR_R90_0.npy
bs098_CR_RU_0.npy
bs098_YR_L45_0.npy
bs098_YR_L90_0.npy
bs098_YR_R45_0.npy
bs098_YR_R90_0.npy
bs099_CR_RD_0.npy
bs099_PR_D_0.npy
bs099_YR_L90_0.npy
bs099_YR_R90_0.npy
bs100_YR_L45_0.npy
bs100_YR_L90_0.npy
bs100_YR_R90_0.npy
bs101_O_HAIR_0.npy
bs101_YR_L45_0.npy
bs101_YR_L90_0.npy
bs101_YR_R90_0.npy
bs102_O_HAIR_0.npy
bs102_PR_U_0.npy
bs102_YR_L45_0.npy
bs102_YR_L90_0.npy
bs102_YR_R45_0.npy
bs102_YR_R90_0.npy
bs103_LFAU_9_0.npy
bs103_YR_L45_0.npy
bs103_YR_L90_0.npy
bs103_YR_R45_0.npy
bs103_YR_R90_0.npy
